app/admin/dashboard/page.tsx(184,28): error TS2345: Argument of type '{ title: string; price: string; description: string; cardNumber: string; cvv: string; expiry: string; holder: string; address: string; bank: string; type: string; zip: string; city: string; state: string; ... 8 more ...; videoLink: string; }' is not assignable to parameter of type 'SetStateAction<{ title: string; price: string; description: string; cardNumber: string; cvv: string; expiry: string; holder: string; address: string; bank: string; type: string; zip: string; city: string; state: string; ... 9 more ...; videoLink: string; }>'.
  Property 'proxy' is missing in type '{ title: string; price: string; description: string; cardNumber: string; cvv: string; expiry: string; holder: string; address: string; bank: string; type: string; zip: string; city: string; state: string; ... 8 more ...; videoLink: string; }' but required in type '{ title: string; price: string; description: string; cardNumber: string; cvv: string; expiry: string; holder: string; address: string; bank: string; type: string; zip: string; city: string; state: string; ... 9 more ...; videoLink: string; }'.
